// Jest Snapshot v1, https://goo.gl/fbAQLP

exports[`should render CharacterPage correctly 1`] = `
<div
  className="character-page-container"
>
  <Header />
  <CharacterListFilter />
  <CharacterList />
</div>
`;
