// Jest Snapshot v1, https://goo.gl/fbAQLP

exports[`should render Header correctly 1`] = `
<div
  className="header"
>
  <div
    className="wrapper header__wrapper"
  >
    <div
      className="header__title"
    >
      Breaking Bad Characters
    </div>
    <div
      className="header__made-by"
    >
      made by: Oggo Petersen
    </div>
  </div>
</div>
`;
